// Jest Snapshot v1, https://goo.gl/fbAQLP

exports[`renders ItemPoint correctly 1`] = `
<View
  accessible={true}
  collapsable={false}
  focusable={true}
  onClick={[Function]}
  onResponderGrant={[Function]}
  onResponderMove={[Function]}
  onResponderRelease={[Function]}
  onResponderTerminate={[Function]}
  onResponderTerminationRequest={[Function]}
  onStartShouldSetResponder={[Function]}
  style={
    Object {
      "opacity": 1,
    }
  }
>
  <View
    style={
      Array [
        Object {
          "alignItems": "center",
          "flexDirection": "row",
          "marginBottom": 20,
        },
      ]
    }
  >
    <View
      style={
        Array [
          Object {
            "backgroundColor": "#9B9898",
            "borderRadius": 20,
            "marginRight": 20,
          },
        ]
      }
    >
      <Image
        resizeMethod="auto"
        resizeMode="cover"
        source={
          Object {
            "uri": "https://loremflickr.com/640/480/technics",
          }
        }
        style={
          Object {
            "borderRadius": 20,
            "height": 108,
            "width": 108,
          }
        }
      />
    </View>
    <View
      style={
        Array [
          Object {
            "flex": 1,
          },
        ]
      }
    >
      <Text
        style={
          Array [
            Object {
              "color": "#0B0B0B",
              "fontFamily": "Avenir",
              "fontSize": 27,
              "fontWeight": "800",
              "lineHeight": 37,
            },
          ]
        }
        testID="item-name"
      >
        Fantastic Granite Bacon
      </Text>
      <Text
        style={
          Array [
            Object {
              "color": "#0B0B0B",
              "fontFamily": "Avenir",
              "fontSize": 24,
              "fontWeight": "400",
              "lineHeight": 31,
            },
          ]
        }
        testID="item-date"
      >
        9 de diciembre, 2022
      </Text>
    </View>
    <Text
      style={
        Array [
          Object {
            "color": "#0B0B0B",
            "fontFamily": "Avenir",
            "fontSize": 27,
            "fontWeight": "800",
            "lineHeight": 37,
          },
        ]
      }
      testID="item-points"
    >
      <Text
        style={
          Array [
            Object {
              "color": "#0ECD9D",
              "fontFamily": "Avenir",
              "fontSize": 31,
              "fontWeight": "800",
              "lineHeight": 39,
            },
          ]
        }
      >
        + 
      </Text>
      200
    </Text>
    <Text
      style={
        Array [
          Object {
            "color": "#020202",
            "fontFamily": "Avenir",
            "fontSize": 31,
            "fontWeight": "800",
            "lineHeight": 39,
            "marginLeft": 20,
          },
        ]
      }
    >
      &gt;
    </Text>
  </View>
</View>
`;
